Marginal likelihood with initialization (1) = -0.7698734081
Marginal likelihood with initialization (2) = -0.7688791443
Marginal likelihood with initialization (3) = -0.7691877151
Marginal likelihood with initialization (4) = -0.7705452503
Marginal likelihood with initialization (5) = -0.7682099212
Iteration Marginal_Likelihood delta_Marginal_Likelihood Iteration_Time (secs)
0 -0.7682099212 -- 331.809
10 -0.7640386984 0.0041712228 201.423
20 -0.7638976726 0.0001410258 201.827
30 -0.7638562274 0.0000414453 201.755
40 -0.7638396189 0.0000166084 200.732
50 -0.7638297679 0.0000098510 200.934
60 -0.7638232566 0.0000065113 200.775
70 -0.7638186041 0.0000046525 201.288
80 -0.7638153495 0.0000032547 200.769
90 -0.7638129842 0.0000023653 201.244
100 -0.7638112565 0.0000017276 201.224
110 -0.7638098839 0.0000013726 200.981
120 -0.7638087421 0.0000011418 200.897
130 -0.7638078332 0.0000009089 200.938
Marginal Likelihood = -0.7638078332
Total time = 2946.7077 seconds
Total iterations = 130 
