Marginal likelihood with initialization (1) = -0.7659104116
Marginal likelihood with initialization (2) = -0.7673459413
Marginal likelihood with initialization (3) = -0.7663491799
Marginal likelihood with initialization (4) = -0.7650292414
Marginal likelihood with initialization (5) = -0.7666371304
Iteration Marginal_Likelihood delta_Marginal_Likelihood Iteration_Time (secs)
0 -0.7650292414 -- 360.174
10 -0.7610096160 0.0040196254 195.650
20 -0.7608904267 0.0001191893 195.790
30 -0.7608523619 0.0000380648 195.617
40 -0.7608327578 0.0000196041 195.617
50 -0.7608220829 0.0000106749 195.721
60 -0.7608156530 0.0000064299 195.658
70 -0.7608106196 0.0000050334 195.746
80 -0.7608071400 0.0000034796 195.656
90 -0.7608043721 0.0000027680 195.683
100 -0.7608022437 0.0000021284 195.699
110 -0.7608004893 0.0000017544 195.667
120 -0.7607990638 0.0000014256 195.652
130 -0.7607978651 0.0000011986 195.767
140 -0.7607967744 0.0000010907 195.639
150 -0.7607959074 0.0000008670 195.725
Marginal Likelihood = -0.7607959074
Total time = 3295.5747 seconds
Total iterations = 150 
