Marginal likelihood with initialization (1) = -0.7679869281
Marginal likelihood with initialization (2) = -0.7680963763
Marginal likelihood with initialization (3) = -0.7663144398
Marginal likelihood with initialization (4) = -0.7673830386
Marginal likelihood with initialization (5) = -0.7661494784
Iteration Marginal_Likelihood delta_Marginal_Likelihood Iteration_Time (secs)
0 -0.7661494784 -- 2049.580
10 -0.7595630216 0.0065864568 822.827
20 -0.7593116977 0.0002513239 793.885
30 -0.7591845470 0.0001271507 778.032
40 -0.7591043161 0.0000802309 782.835
50 -0.7590507885 0.0000535276 797.795
60 -0.7590119145 0.0000388739 830.734
70 -0.7589825012 0.0000294133 806.583
80 -0.7589589409 0.0000235603 784.025
90 -0.7589393373 0.0000196036 827.163
100 -0.7589229580 0.0000163792 832.024
110 -0.7589094384 0.0000135197 893.534
120 -0.7588976244 0.0000118140 923.041
130 -0.7588875096 0.0000101148 838.227
140 -0.7588788234 0.0000086862 840.447
150 -0.7588711728 0.0000076506 852.889
160 -0.7588643155 0.0000068573 851.094
170 -0.7588581791 0.0000061364 820.735
180 -0.7588524616 0.0000057175 860.512
190 -0.7588474970 0.0000049646 778.044
200 -0.7588430832 0.0000044138 835.641
210 -0.7588390689 0.0000040143 805.511
220 -0.7588354097 0.0000036591 810.902
230 -0.7588321444 0.0000032653 833.277
240 -0.7588289334 0.0000032110 881.714
250 -0.7588259310 0.0000030024 854.656
260 -0.7588232059 0.0000027251 925.815
270 -0.7588207011 0.0000025048 930.684
280 -0.7588184975 0.0000022036 877.439
290 -0.7588162322 0.0000022653 856.648
300 -0.7588141296 0.0000021026 846.410
310 -0.7588122638 0.0000018658 826.389
320 -0.7588104983 0.0000017655 826.103
330 -0.7588088001 0.0000016982 818.742
340 -0.7588071654 0.0000016347 787.169
350 -0.7588056224 0.0000015430 800.376
360 -0.7588043388 0.0000012836 791.462
370 -0.7588028587 0.0000014801 775.443
380 -0.7588015657 0.0000012930 789.646
390 -0.7588002935 0.0000012722 812.986
400 -0.7587992126 0.0000010809 785.186
410 -0.7587981576 0.0000010551 797.282
420 -0.7587972319 0.0000009257 807.767
Marginal Likelihood = -0.7587972319
Total time = 36841.8181 seconds
Total iterations = 420 
