Marginal likelihood with initialization (1) = -0.7646072259
Marginal likelihood with initialization (2) = -0.7635737492
Marginal likelihood with initialization (3) = -0.7618536918
Marginal likelihood with initialization (4) = -0.7636186546
Marginal likelihood with initialization (5) = -0.7648850541
Iteration Marginal_Likelihood delta_Marginal_Likelihood Iteration_Time (secs)
0 -0.7618536918 -- 840.629
10 -0.7560714473 0.0057822445 396.496
20 -0.7558140733 0.0002573740 397.094
30 -0.7557296493 0.0000844240 394.054
40 -0.7556815583 0.0000480910 394.638
50 -0.7556527686 0.0000287897 397.326
60 -0.7556332416 0.0000195269 393.639
70 -0.7556176862 0.0000155554 393.911
80 -0.7556060608 0.0000116254 394.097
90 -0.7555971579 0.0000089029 388.355
100 -0.7555901314 0.0000070264 375.091
110 -0.7555840521 0.0000060793 374.137
120 -0.7555792554 0.0000047967 374.476
130 -0.7555751323 0.0000041231 374.341
140 -0.7555716105 0.0000035218 374.325
150 -0.7555685119 0.0000030986 374.375
160 -0.7555658845 0.0000026274 374.043
170 -0.7555634580 0.0000024264 374.395
180 -0.7555614228 0.0000020353 374.628
190 -0.7555595469 0.0000018759 374.276
200 -0.7555579725 0.0000015743 374.516
210 -0.7555565045 0.0000014681 374.297
220 -0.7555549957 0.0000015087 374.768
230 -0.7555538914 0.0000011043 374.326
240 -0.7555528029 0.0000010886 374.843
250 -0.7555517898 0.0000010131 374.620
260 -0.7555508580 0.0000009318 373.989
Marginal Likelihood = -0.7555508580
Total time = 10756.0510 seconds
Total iterations = 260 
