Marginal likelihood with initialization (1) = -0.7632982011
Marginal likelihood with initialization (2) = -0.7641093883
Marginal likelihood with initialization (3) = -0.7645571927
Marginal likelihood with initialization (4) = -0.7639854341
Marginal likelihood with initialization (5) = -0.7643150829
Iteration Marginal_Likelihood delta_Marginal_Likelihood Iteration_Time (secs)
0 -0.7632982011 -- 652.932
10 -0.7580636142 0.0052345869 348.778
20 -0.7577523240 0.0003112901 348.389
30 -0.7576324477 0.0001198763 340.188
40 -0.7575671526 0.0000652951 344.467
50 -0.7575373052 0.0000298474 350.925
60 -0.7575164074 0.0000208978 342.159
70 -0.7575026279 0.0000137795 337.723
80 -0.7574917934 0.0000108345 344.148
90 -0.7574838260 0.0000079674 347.888
100 -0.7574770482 0.0000067778 347.244
110 -0.7574714730 0.0000055752 343.447
120 -0.7574670581 0.0000044150 338.127
130 -0.7574634076 0.0000036505 340.251
140 -0.7574601724 0.0000032352 341.917
150 -0.7574573876 0.0000027848 340.942
160 -0.7574549822 0.0000024054 358.837
170 -0.7574529368 0.0000020454 347.805
180 -0.7574509274 0.0000020094 351.368
190 -0.7574492482 0.0000016791 344.333
200 -0.7574476469 0.0000016014 350.532
210 -0.7574462236 0.0000014233 350.653
220 -0.7574451254 0.0000010982 346.922
230 -0.7574442489 0.0000008765 344.390
Marginal Likelihood = -0.7574442489
Total time = 8604.6574 seconds
Total iterations = 230 
