Marginal likelihood with initialization (1) = -0.7676462084
Marginal likelihood with initialization (2) = -0.7682239361
Marginal likelihood with initialization (3) = -0.7684904971
Marginal likelihood with initialization (4) = -0.7673784281
Marginal likelihood with initialization (5) = -0.7672293709
Iteration Marginal_Likelihood delta_Marginal_Likelihood Iteration_Time (secs)
0 -0.7672293709 -- 1509.990
10 -0.7601491461 0.0070802249 625.839
20 -0.7596419261 0.0005072199 622.267
30 -0.7594290068 0.0002129194 618.137
40 -0.7592964141 0.0001325927 617.744
50 -0.7592048256 0.0000915885 617.753
60 -0.7591381209 0.0000667047 617.469
70 -0.7590873833 0.0000507376 617.774
80 -0.7590465103 0.0000408730 617.310
90 -0.7590136276 0.0000328826 617.544
100 -0.7589874728 0.0000261548 617.471
110 -0.7589652559 0.0000222169 618.784
120 -0.7589471406 0.0000181153 618.442
130 -0.7589318760 0.0000152645 617.794
140 -0.7589188669 0.0000130092 617.929
150 -0.7589077494 0.0000111175 618.205
160 -0.7588979745 0.0000097748 617.659
170 -0.7588897530 0.0000082215 617.815
180 -0.7588826001 0.0000071529 617.461
190 -0.7588761658 0.0000064342 617.848
200 -0.7588704974 0.0000056685 617.573
210 -0.7588656529 0.0000048444 618.704
220 -0.7588612783 0.0000043746 618.921
230 -0.7588574444 0.0000038339 619.731
240 -0.7588539426 0.0000035018 618.856
250 -0.7588508528 0.0000030898 619.169
260 -0.7588478767 0.0000029761 618.789
270 -0.7588453287 0.0000025480 619.189
280 -0.7588428757 0.0000024531 618.298
290 -0.7588406742 0.0000022014 618.525
300 -0.7588387514 0.0000019228 618.564
310 -0.7588369943 0.0000017571 619.379
320 -0.7588354071 0.0000015872 618.664
330 -0.7588338222 0.0000015850 624.818
340 -0.7588322297 0.0000015925 624.020
350 -0.7588309031 0.0000013265 624.330
360 -0.7588296823 0.0000012209 624.946
370 -0.7588284489 0.0000012334 623.748
380 -0.7588273779 0.0000010710 624.443
390 -0.7588264689 0.0000009090 624.876
Marginal Likelihood = -0.7588264689
Total time = 25677.2677 seconds
Total iterations = 390 
