Marginal likelihood with initialization (1) = -0.7632979320
Marginal likelihood with initialization (2) = -0.7629405868
Marginal likelihood with initialization (3) = -0.7631703245
Marginal likelihood with initialization (4) = -0.7627119670
Marginal likelihood with initialization (5) = -0.7627834852
Iteration Marginal_Likelihood delta_Marginal_Likelihood Iteration_Time (secs)
0 -0.7627119670 -- 623.787
10 -0.7573711232 0.0053408437 322.095
20 -0.7571444361 0.0002266871 319.632
30 -0.7570822032 0.0000622329 318.475
40 -0.7570492419 0.0000329614 321.491
50 -0.7570273641 0.0000218778 318.515
60 -0.7570128276 0.0000145365 321.496
70 -0.7570015989 0.0000112287 319.414
80 -0.7569929311 0.0000086678 318.278
90 -0.7569858196 0.0000071116 318.455
100 -0.7569804163 0.0000054033 320.589
110 -0.7569757542 0.0000046621 322.256
120 -0.7569719326 0.0000038215 318.718
130 -0.7569688080 0.0000031246 320.131
140 -0.7569658733 0.0000029347 319.124
150 -0.7569636628 0.0000022105 319.899
160 -0.7569617559 0.0000019070 318.369
170 -0.7569601002 0.0000016556 320.564
180 -0.7569586579 0.0000014423 320.871
190 -0.7569574069 0.0000012510 324.097
200 -0.7569563071 0.0000010999 322.997
210 -0.7569553175 0.0000009896 321.562
Marginal Likelihood = -0.7569553175
Total time = 7351.0109 seconds
Total iterations = 210 
