Marginal likelihood with initialization (1) = -0.7681470994
Marginal likelihood with initialization (2) = -0.7679652143
Marginal likelihood with initialization (3) = -0.7676491284
Marginal likelihood with initialization (4) = -0.7674671266
Marginal likelihood with initialization (5) = -0.7666370593
Iteration Marginal_Likelihood delta_Marginal_Likelihood Iteration_Time (secs)
0 -0.7666370593 -- 1456.644
10 -0.7596432050 0.0069938543 633.986
20 -0.7592866571 0.0003565479 637.098
30 -0.7590793352 0.0002073219 638.167
40 -0.7589597950 0.0001195402 638.919
50 -0.7588669643 0.0000928307 639.861
60 -0.7587967368 0.0000702275 634.031
70 -0.7587432635 0.0000534733 636.401
80 -0.7587012182 0.0000420453 634.489
90 -0.7586662830 0.0000349352 635.557
100 -0.7586380555 0.0000282275 636.599
110 -0.7586142068 0.0000238487 636.181
120 -0.7585944330 0.0000197738 638.306
130 -0.7585773364 0.0000170966 636.981
140 -0.7585625774 0.0000147589 637.322
150 -0.7585496650 0.0000129125 637.292
160 -0.7585380877 0.0000115773 638.225
170 -0.7585281191 0.0000099686 639.540
180 -0.7585191793 0.0000089398 636.651
190 -0.7585115069 0.0000076724 637.731
200 -0.7585044526 0.0000070543 636.928
210 -0.7584981368 0.0000063158 636.803
220 -0.7584920728 0.0000060640 638.726
230 -0.7584868684 0.0000052044 634.822
240 -0.7584821507 0.0000047176 637.635
250 -0.7584777054 0.0000044453 636.940
260 -0.7584738993 0.0000038061 635.042
270 -0.7584704560 0.0000034433 641.389
280 -0.7584671985 0.0000032575 640.744
290 -0.7584642844 0.0000029141 634.691
300 -0.7584612699 0.0000030145 638.389
310 -0.7584585944 0.0000026755 637.381
320 -0.7584562152 0.0000023792 637.456
330 -0.7584540683 0.0000021469 635.632
340 -0.7584519692 0.0000020991 633.137
350 -0.7584501186 0.0000018506 640.446
360 -0.7584482036 0.0000019150 635.630
370 -0.7584464141 0.0000017895 639.802
380 -0.7584450555 0.0000013586 632.133
390 -0.7584434672 0.0000015883 635.562
400 -0.7584422408 0.0000012264 641.489
410 -0.7584410144 0.0000012263 640.125
420 -0.7584399029 0.0000011115 633.849
430 -0.7584386375 0.0000012654 640.700
440 -0.7584375746 0.0000010629 640.277
450 -0.7584366413 0.0000009333 638.725
Marginal Likelihood = -0.7584366413
Total time = 30134.9297 seconds
Total iterations = 450 
