Marginal likelihood with initialization (1) = -0.7652754968
Marginal likelihood with initialization (2) = -0.7652413679
Marginal likelihood with initialization (3) = -0.7649610883
Marginal likelihood with initialization (4) = -0.7634663790
Marginal likelihood with initialization (5) = -0.7652718687
Iteration Marginal_Likelihood delta_Marginal_Likelihood Iteration_Time (secs)
0 -0.7634663790 -- 1018.397
10 -0.7568486414 0.0066177376 455.236
20 -0.7567039442 0.0001446972 458.300
30 -0.7566197610 0.0000841832 458.548
40 -0.7565678579 0.0000519031 458.246
50 -0.7565291692 0.0000386887 456.317
60 -0.7565024349 0.0000267342 455.786
70 -0.7564817403 0.0000206947 455.936
80 -0.7564654765 0.0000162638 455.388
90 -0.7564523287 0.0000131478 455.313
100 -0.7564415604 0.0000107682 455.284
110 -0.7564328874 0.0000086731 455.877
120 -0.7564255993 0.0000072880 455.249
130 -0.7564192665 0.0000063328 455.020
140 -0.7564135346 0.0000057319 454.890
150 -0.7564087485 0.0000047861 455.580
160 -0.7564045528 0.0000041957 455.533
170 -0.7564008400 0.0000037129 454.856
180 -0.7563973424 0.0000034975 455.376
190 -0.7563942591 0.0000030833 456.068
200 -0.7563915181 0.0000027410 455.614
210 -0.7563889148 0.0000026033 456.760
220 -0.7563866179 0.0000022969 456.871
230 -0.7563844248 0.0000021931 460.566
240 -0.7563824678 0.0000019571 456.898
250 -0.7563806432 0.0000018245 459.254
260 -0.7563789628 0.0000016804 459.657
270 -0.7563773937 0.0000015691 455.863
280 -0.7563759822 0.0000014115 459.579
290 -0.7563747153 0.0000012669 458.523
300 -0.7563735187 0.0000011966 457.588
310 -0.7563724313 0.0000010874 458.123
320 -0.7563714023 0.0000010291 455.721
330 -0.7563705122 0.0000008900 458.710
Marginal Likelihood = -0.7563705122
Total time = 16091.2995 seconds
Total iterations = 330 
