Marginal likelihood with initialization (1) = -0.7809376070
Marginal likelihood with initialization (2) = -0.7806158725
Marginal likelihood with initialization (3) = -0.7799115395
Marginal likelihood with initialization (4) = -0.7803002380
Marginal likelihood with initialization (5) = -0.7809930571
Iteration Marginal_Likelihood delta_Marginal_Likelihood Iteration_Time (secs)
0 -0.7799115395 -- 263.711
10 -0.7775675734 0.0023439661 167.521
20 -0.7773519828 0.0002155906 162.451
30 -0.7772393371 0.0001126457 170.139
40 -0.7771886631 0.0000506739 173.826
50 -0.7771567039 0.0000319592 174.516
60 -0.7771373134 0.0000193904 168.239
70 -0.7771251033 0.0000122102 171.911
80 -0.7771157343 0.0000093690 172.883
90 -0.7771089247 0.0000068096 177.081
100 -0.7771050599 0.0000038648 168.511
110 -0.7771028106 0.0000022493 171.600
120 -0.7771014754 0.0000013353 173.870
130 -0.7771006272 0.0000008481 170.232
Marginal Likelihood = -0.7771006272
Total time = 2486.5765 seconds
Total iterations = 130 
