Marginal likelihood with initialization (1) = -0.7640419713
Marginal likelihood with initialization (2) = -0.7650967137
Marginal likelihood with initialization (3) = -0.7642730889
Marginal likelihood with initialization (4) = -0.7648135292
Marginal likelihood with initialization (5) = -0.7659895500
Iteration Marginal_Likelihood delta_Marginal_Likelihood Iteration_Time (secs)
0 -0.7640419713 -- 1221.039
10 -0.7574016613 0.0066403100 525.568
20 -0.7570167203 0.0003849410 523.619
30 -0.7568655172 0.0001512031 523.874
40 -0.7567796003 0.0000859168 520.960
50 -0.7567266250 0.0000529753 522.779
60 -0.7566881088 0.0000385163 521.493
70 -0.7566608001 0.0000273087 521.935
80 -0.7566384967 0.0000223034 522.919
90 -0.7566213199 0.0000171768 518.846
100 -0.7566067060 0.0000146139 522.668
110 -0.7565944551 0.0000122509 521.859
120 -0.7565845752 0.0000098798 519.639
130 -0.7565762454 0.0000083298 524.230
140 -0.7565690699 0.0000071755 522.017
150 -0.7565628350 0.0000062348 521.251
160 -0.7565576083 0.0000052268 518.330
170 -0.7565528487 0.0000047596 520.904
180 -0.7565487615 0.0000040871 521.145
190 -0.7565451345 0.0000036271 521.450
200 -0.7565417359 0.0000033985 519.272
210 -0.7565387419 0.0000029940 519.051
220 -0.7565361785 0.0000025634 520.175
230 -0.7565338959 0.0000022825 519.644
240 -0.7565317953 0.0000021007 519.248
250 -0.7565299081 0.0000018872 520.081
260 -0.7565282159 0.0000016922 518.343
270 -0.7565266242 0.0000015917 519.986
280 -0.7565251139 0.0000015103 520.161
290 -0.7565238358 0.0000012781 522.521
300 -0.7565226628 0.0000011731 519.602
310 -0.7565215239 0.0000011388 518.575
320 -0.7565205238 0.0000010001 522.166
330 -0.7565195482 0.0000009756 521.405
Marginal Likelihood = -0.7565195482
Total time = 18417.2415 seconds
Total iterations = 330 
