Marginal likelihood with initialization (1) = -0.7674813471
Marginal likelihood with initialization (2) = -0.7673304741
Marginal likelihood with initialization (3) = -0.7672167981
Marginal likelihood with initialization (4) = -0.7642202456
Marginal likelihood with initialization (5) = -0.7650650230
Iteration Marginal_Likelihood delta_Marginal_Likelihood Iteration_Time (secs)
0 -0.7642202456 -- 1107.272
10 -0.7576182987 0.0066019470 522.854
20 -0.7574277198 0.0001905789 521.207
30 -0.7573035566 0.0001241632 525.534
40 -0.7572209863 0.0000825704 535.399
50 -0.7571601631 0.0000608232 529.035
60 -0.7571147313 0.0000454318 533.329
70 -0.7570806852 0.0000340461 523.664
80 -0.7570532472 0.0000274380 522.195
90 -0.7570304764 0.0000227708 521.964
100 -0.7570119189 0.0000185575 523.183
110 -0.7569966159 0.0000153030 522.065
120 -0.7569834962 0.0000131197 525.067
130 -0.7569723559 0.0000111403 524.101
140 -0.7569627138 0.0000096421 520.910
150 -0.7569540257 0.0000086881 521.216
160 -0.7569462866 0.0000077391 522.239
170 -0.7569397006 0.0000065860 521.713
180 -0.7569338091 0.0000058914 518.937
190 -0.7569284136 0.0000053956 521.137
200 -0.7569234794 0.0000049342 523.235
210 -0.7569191410 0.0000043384 526.342
220 -0.7569152676 0.0000038735 526.423
230 -0.7569118212 0.0000034464 523.147
240 -0.7569086038 0.0000032174 524.155
250 -0.7569057569 0.0000028469 520.408
260 -0.7569031271 0.0000026298 522.909
270 -0.7569007810 0.0000023461 522.522
280 -0.7568985679 0.0000022132 525.349
290 -0.7568965437 0.0000020241 523.356
300 -0.7568945824 0.0000019613 528.472
310 -0.7568927661 0.0000018162 528.899
320 -0.7568910447 0.0000017215 529.684
330 -0.7568894758 0.0000015688 528.080
340 -0.7568880276 0.0000014482 522.219
350 -0.7568866064 0.0000014212 522.150
360 -0.7568853330 0.0000012734 525.374
370 -0.7568841464 0.0000011865 523.991
380 -0.7568829745 0.0000011719 521.830
390 -0.7568819621 0.0000010124 529.105
400 -0.7568809618 0.0000010003 529.486
410 -0.7568800060 0.0000009558 526.614
Marginal Likelihood = -0.7568800060
Total time = 22617.1418 seconds
Total iterations = 410 
