Marginal likelihood with initialization (1) = -0.7655962743
Marginal likelihood with initialization (2) = -0.7649817402
Marginal likelihood with initialization (3) = -0.7663257509
Marginal likelihood with initialization (4) = -0.7643323712
Marginal likelihood with initialization (5) = -0.7652164137
Iteration Marginal_Likelihood delta_Marginal_Likelihood Iteration_Time (secs)
0 -0.7643323712 -- 539.078
10 -0.7600078353 0.0043245359 295.074
20 -0.7598674433 0.0001403920 295.324
30 -0.7598207540 0.0000466893 296.318
40 -0.7597991093 0.0000216447 294.598
50 -0.7597852795 0.0000138298 295.671
60 -0.7597762528 0.0000090267 293.619
70 -0.7597697723 0.0000064805 297.717
80 -0.7597647075 0.0000050648 293.945
90 -0.7597608944 0.0000038131 288.363
100 -0.7597581833 0.0000027111 298.370
110 -0.7597559040 0.0000022793 295.480
120 -0.7597539174 0.0000019866 293.882
130 -0.7597523602 0.0000015572 293.677
140 -0.7597510275 0.0000013326 294.090
150 -0.7597498928 0.0000011347 289.346
160 -0.7597488812 0.0000010116 295.895
170 -0.7597479224 0.0000009588 289.086
Marginal Likelihood = -0.7597479224
Total time = 5539.6868 seconds
Total iterations = 170 
