Marginal likelihood with initialization (1) = -0.7659984459
Marginal likelihood with initialization (2) = -0.7672077252
Marginal likelihood with initialization (3) = -0.7669186650
Marginal likelihood with initialization (4) = -0.7654203939
Marginal likelihood with initialization (5) = -0.7671190740
Iteration Marginal_Likelihood delta_Marginal_Likelihood Iteration_Time (secs)
0 -0.7654203939 -- 1295.924
10 -0.7584379642 0.0069824297 576.853
20 -0.7582345414 0.0002034227 577.524
30 -0.7580865826 0.0001479588 580.347
40 -0.7579778710 0.0001087116 579.587
50 -0.7578950762 0.0000827948 581.360
60 -0.7578340311 0.0000610451 581.455
70 -0.7577874042 0.0000466268 578.713
80 -0.7577511015 0.0000363027 580.554
90 -0.7577221320 0.0000289695 577.614
100 -0.7576991845 0.0000229475 577.833
110 -0.7576800686 0.0000191159 576.710
120 -0.7576640299 0.0000160387 576.646
130 -0.7576507716 0.0000132583 580.019
140 -0.7576395240 0.0000112477 576.793
150 -0.7576298261 0.0000096979 578.656
160 -0.7576212074 0.0000086186 578.066
170 -0.7576136454 0.0000075620 578.416
180 -0.7576068839 0.0000067615 580.082
190 -0.7576009497 0.0000059342 579.249
200 -0.7575957699 0.0000051798 581.518
210 -0.7575910600 0.0000047099 575.673
220 -0.7575868177 0.0000042423 579.139
230 -0.7575830297 0.0000037880 577.965
240 -0.7575796108 0.0000034189 579.635
250 -0.7575761006 0.0000035101 576.445
260 -0.7575732804 0.0000028203 580.400
270 -0.7575705981 0.0000026822 579.480
280 -0.7575682041 0.0000023940 579.536
290 -0.7575660086 0.0000021955 580.307
300 -0.7575638208 0.0000021878 580.328
310 -0.7575619710 0.0000018498 581.281
320 -0.7575601637 0.0000018072 579.208
330 -0.7575585120 0.0000016517 579.493
340 -0.7575569928 0.0000015192 577.643
350 -0.7575555980 0.0000013949 578.838
360 -0.7575543872 0.0000012108 579.231
370 -0.7575531032 0.0000012840 577.798
380 -0.7575518843 0.0000012189 575.557
390 -0.7575509149 0.0000009694 577.815
Marginal Likelihood = -0.7575509149
Total time = 23870.0418 seconds
Total iterations = 390 
