Marginal likelihood with initialization (1) = -0.7622869336
Marginal likelihood with initialization (2) = -0.7630797321
Marginal likelihood with initialization (3) = -0.7628216806
Marginal likelihood with initialization (4) = -0.7663976636
Marginal likelihood with initialization (5) = -0.7627357970
Iteration Marginal_Likelihood delta_Marginal_Likelihood Iteration_Time (secs)
0 -0.7622869336 -- 686.981
10 -0.7565380652 0.0057488684 348.525
20 -0.7563384103 0.0001996549 346.294
30 -0.7562442265 0.0000941838 347.315
40 -0.7561979577 0.0000462687 346.843
50 -0.7561643585 0.0000335992 348.131
60 -0.7561424965 0.0000218620 349.231
70 -0.7561257433 0.0000167532 348.372
80 -0.7561133688 0.0000123745 347.540
90 -0.7561036639 0.0000097049 346.291
100 -0.7560955331 0.0000081308 347.737
110 -0.7560888234 0.0000067097 349.580
120 -0.7560830114 0.0000058121 347.382
130 -0.7560777649 0.0000052464 347.364
140 -0.7560729867 0.0000047782 346.049
150 -0.7560688682 0.0000041185 346.181
160 -0.7560650265 0.0000038417 344.857
170 -0.7560616611 0.0000033654 346.311
180 -0.7560583443 0.0000033168 346.852
190 -0.7560552108 0.0000031335 348.061
200 -0.7560521670 0.0000030438 345.927
210 -0.7560493251 0.0000028420 346.732
220 -0.7560465798 0.0000027452 346.329
230 -0.7560437217 0.0000028581 347.988
240 -0.7560410890 0.0000026327 347.573
250 -0.7560385133 0.0000025758 346.013
260 -0.7560359999 0.0000025133 346.662
270 -0.7560335233 0.0000024767 346.212
280 -0.7560310473 0.0000024759 345.003
290 -0.7560285744 0.0000024730 345.141
300 -0.7560261134 0.0000024609 346.517
310 -0.7560238110 0.0000023024 346.246
320 -0.7560214432 0.0000023678 348.433
330 -0.7560192794 0.0000021638 345.954
340 -0.7560172136 0.0000020658 346.683
350 -0.7560150875 0.0000021261 347.720
360 -0.7560127662 0.0000023213 347.512
370 -0.7560108104 0.0000019559 346.736
380 -0.7560089012 0.0000019092 346.625
390 -0.7560067525 0.0000021487 346.221
400 -0.7560044348 0.0000023178 346.391
410 -0.7560028617 0.0000015730 347.201
420 -0.7560012650 0.0000015967 347.023
430 -0.7559998664 0.0000013986 347.919
440 -0.7559986842 0.0000011822 346.304
450 -0.7559973998 0.0000012844 346.326
460 -0.7559962030 0.0000011968 347.147
470 -0.7559948866 0.0000013164 345.344
480 -0.7559938282 0.0000010584 347.014
490 -0.7559930702 0.0000007581 347.111
Marginal Likelihood = -0.7559930702
Total time = 17686.2885 seconds
Total iterations = 490 
