Marginal likelihood with initialization (1) = -0.7625608098
Marginal likelihood with initialization (2) = -0.7645608141
Marginal likelihood with initialization (3) = -0.7642781870
Marginal likelihood with initialization (4) = -0.7674304309
Marginal likelihood with initialization (5) = -0.7645383066
Iteration Marginal_Likelihood delta_Marginal_Likelihood Iteration_Time (secs)
0 -0.7625608098 -- 1265.286
10 -0.7571533514 0.0054074584 543.498
20 -0.7569845691 0.0001687823 536.047
30 -0.7569030508 0.0000815183 542.961
40 -0.7568493704 0.0000536805 534.841
50 -0.7568166754 0.0000326949 550.099
60 -0.7567913291 0.0000253464 540.551
70 -0.7567711829 0.0000201462 541.981
80 -0.7567538791 0.0000173037 531.479
90 -0.7567404226 0.0000134565 537.207
100 -0.7567288695 0.0000115531 537.005
110 -0.7567195945 0.0000092750 538.194
120 -0.7567117426 0.0000078519 531.397
130 -0.7567043997 0.0000073429 533.658
140 -0.7566979446 0.0000064551 535.102
150 -0.7566924670 0.0000054776 537.159
160 -0.7566875069 0.0000049602 537.816
170 -0.7566830467 0.0000044602 536.905
180 -0.7566791830 0.0000038637 518.022
190 -0.7566758628 0.0000033202 528.472
200 -0.7566726204 0.0000032423 532.162
210 -0.7566699140 0.0000027064 534.488
220 -0.7566670196 0.0000028944 531.543
230 -0.7566646022 0.0000024174 529.547
240 -0.7566624739 0.0000021283 531.865
250 -0.7566606036 0.0000018704 536.255
260 -0.7566587686 0.0000018350 537.169
270 -0.7566570098 0.0000017588 534.356
280 -0.7566554081 0.0000016017 526.561
290 -0.7566538729 0.0000015352 533.996
300 -0.7566525841 0.0000012888 535.268
310 -0.7566513953 0.0000011888 534.744
320 -0.7566502911 0.0000011042 529.711
330 -0.7566492996 0.0000009915 531.354
Marginal Likelihood = -0.7566492996
Total time = 18917.1019 seconds
Total iterations = 330 
