Marginal likelihood with initialization (1) = -0.7647891033
Marginal likelihood with initialization (2) = -0.7631771054
Marginal likelihood with initialization (3) = -0.7649868663
Marginal likelihood with initialization (4) = -0.7636664850
Marginal likelihood with initialization (5) = -0.7653356350
Iteration Marginal_Likelihood delta_Marginal_Likelihood Iteration_Time (secs)
0 -0.7631771054 -- 491.965
10 -0.7588730719 0.0043040335 275.812
20 -0.7584376357 0.0004354361 270.220
30 -0.7581903364 0.0002472993 264.421
40 -0.7581361506 0.0000541858 263.025
50 -0.7581103004 0.0000258503 264.129
60 -0.7580962456 0.0000140548 264.107
70 -0.7580846852 0.0000115604 265.488
80 -0.7580760700 0.0000086152 263.454
90 -0.7580701691 0.0000059009 264.277
100 -0.7580659231 0.0000042459 263.234
110 -0.7580627917 0.0000031314 264.538
120 -0.7580603274 0.0000024643 264.336
130 -0.7580582226 0.0000021048 264.205
140 -0.7580566655 0.0000015571 264.223
150 -0.7580553062 0.0000013593 263.136
160 -0.7580542996 0.0000010066 265.349
170 -0.7580533175 0.0000009821 264.736
Marginal Likelihood = -0.7580533175
Total time = 5000.8017 seconds
Total iterations = 170 
